#0 building with "default" instance using docker driver

#1 [internal] load build definition from trixie-riscv64.dockerfile
#1 transferring dockerfile: 6.44kB 0.0s done
#1 DONE 0.1s

#2 resolve image config for docker-image://docker.io/docker/dockerfile:1
#2 ...

#3 [auth] docker/dockerfile:pull token for registry-1.docker.io
#3 DONE 0.0s

#2 resolve image config for docker-image://docker.io/docker/dockerfile:1
#2 DONE 1.1s

#4 docker-image://docker.io/docker/dockerfile:1@sha256:ecfaec9ed6d810b56388c508f4121597bfbba70d41a6dfeee4d8cad5f295fc32
#4 resolve docker.io/docker/dockerfile:1@sha256:ecfaec9ed6d810b56388c508f4121597bfbba70d41a6dfeee4d8cad5f295fc32 0.1s done
#4 DONE 0.1s

#4 docker-image://docker.io/docker/dockerfile:1@sha256:ecfaec9ed6d810b56388c508f4121597bfbba70d41a6dfeee4d8cad5f295fc32
#4 CACHED

#5 [internal] load metadata for registry.gitlab.com/xen-project/people/olkur/xen/tests-artifacts/qemu-system-riscv64:8.2.0-aia-riscv64
#5 ...

#6 [auth] library/debian:pull token for registry-1.docker.io
#6 DONE 0.0s

#7 [internal] load metadata for docker.io/library/debian:trixie-slim
#7 DONE 0.7s

#5 [internal] load metadata for registry.gitlab.com/xen-project/people/olkur/xen/tests-artifacts/qemu-system-riscv64:8.2.0-aia-riscv64
#5 DONE 0.9s

#8 [internal] load .dockerignore
#8 transferring context: 151B done
#8 DONE 0.1s

#9 [internal] load build context
#9 DONE 0.0s

#10 [internal] preparing inline document
#10 DONE 0.0s

#11 FROM registry.gitlab.com/xen-project/people/olkur/xen/tests-artifacts/qemu-system-riscv64:8.2.0-aia-riscv64@sha256:c81104de7e8d34eac8dc9f35d6b136cb423970657fca1cb3ed9d09c966522895
#11 resolve registry.gitlab.com/xen-project/people/olkur/xen/tests-artifacts/qemu-system-riscv64:8.2.0-aia-riscv64@sha256:c81104de7e8d34eac8dc9f35d6b136cb423970657fca1cb3ed9d09c966522895 0.1s done
#11 DONE 0.1s

#12 [busybox-builder 1/4] FROM docker.io/library/debian:trixie-slim@sha256:a99cfc517144bc59b1978475ec53b46ecabec7e43635402ee5b77cc54cd1b20a
#12 resolve docker.io/library/debian:trixie-slim@sha256:a99cfc517144bc59b1978475ec53b46ecabec7e43635402ee5b77cc54cd1b20a
#12 resolve docker.io/library/debian:trixie-slim@sha256:a99cfc517144bc59b1978475ec53b46ecabec7e43635402ee5b77cc54cd1b20a 0.1s done
#12 DONE 0.1s

#13 [stage-1  2/17] WORKDIR /build
#13 CACHED

#14 [busybox-builder 3/4] WORKDIR /busybox
#14 CACHED

#15 [busybox-builder 4/4] RUN     curl -fsSLO https://busybox.net/downloads/busybox-1.36.1.tar.bz2 &&     tar -xf busybox-1.36.1.tar.bz2 -C /busybox --strip-components=1 &&     cd /busybox &&     make defconfig &&     sed "/CONFIG_STATIC\b/s/.*/CONFIG_STATIC=y/" -i .config &&     sed -i 's/CONFIG_TC=y/# CONFIG_TC is not set/' .config &&     make -j$(grep -c '^processor' /proc/cpuinfo) &&     make install CONFIG_PREFIX=/busybox-install
#15 CACHED

#16 [stage-1  5/17] COPY --from=busybox-builder /busybox-install .
#16 CACHED

#17 [stage-1  4/17] WORKDIR /build/initrd
#17 CACHED

#18 [stage-1  3/17] RUN <<EOF (#!/bin/bash...)
#18 CACHED

#19 [busybox-builder 2/4] RUN apt-get update &&     apt-get install -y --no-install-recommends         build-essential         gcc-riscv64-linux-gnu         libc6-dev-riscv64-cross         make         curl         ca-certificates         bzip2 &&     rm -rf /var/lib/apt/lists/*
#19 CACHED

#20 [stage-1  6/17] RUN mkdir -p lib &&     for lib in /usr/lib/ld-linux-riscv64-lp64d.so.1                /usr/lib/riscv64-linux-gnu/libc.so.6                /usr/lib/riscv64-linux-gnu/libuuid.so.1                /usr/lib/riscv64-linux-gnu/libncurses.so.6                /usr/lib/riscv64-linux-gnu/libz.so.1                /usr/lib/riscv64-linux-gnu/libyajl.so.2                /usr/lib/riscv64-linux-gnu/libfdt.so.1                /usr/lib/riscv64-linux-gnu/libm.so.6                /usr/lib/riscv64-linux-gnu/libtinfo.so.6; do         cp "$lib" ./lib/;     done
#20 CACHED

#9 [internal] load build context
#9 transferring context: 6.57kB done
#9 DONE 0.1s

#21 [stage-1  7/17] RUN cd /tmp &&     apt-get -y update &&     apt-get -y download bash:riscv64 &&     dpkg-deb -x bash_*_riscv64.deb /tmp/bash-riscv64 &&     cp -a /tmp/bash-riscv64/usr/bin/bash /build/initrd/bin/bash &&     rm -rf /tmp/bash-riscv64 /tmp/bash_*_riscv64.deb &&     rm -rf /var/lib/apt/lists/*
#21 ...

#11 FROM registry.gitlab.com/xen-project/people/olkur/xen/tests-artifacts/qemu-system-riscv64:8.2.0-aia-riscv64@sha256:c81104de7e8d34eac8dc9f35d6b136cb423970657fca1cb3ed9d09c966522895
#11 CACHED

#21 [stage-1  7/17] RUN cd /tmp &&     apt-get -y update &&     apt-get -y download bash:riscv64 &&     dpkg-deb -x bash_*_riscv64.deb /tmp/bash-riscv64 &&     cp -a /tmp/bash-riscv64/usr/bin/bash /build/initrd/bin/bash &&     rm -rf /tmp/bash-riscv64 /tmp/bash_*_riscv64.deb &&     rm -rf /var/lib/apt/lists/*
#21 0.701 Get:1 http://deb.debian.org/debian trixie InRelease [140 kB]
#21 0.737 Get:2 http://deb.debian.org/debian trixie-updates InRelease [47.3 kB]
#21 0.744 Get:3 http://deb.debian.org/debian-security trixie-security InRelease [43.4 kB]
#21 0.793 Get:4 http://deb.debian.org/debian trixie/main amd64 Packages [9678 kB]
#21 1.759 Get:5 http://deb.debian.org/debian trixie/main riscv64 Packages [9385 kB]
#21 3.169 Get:6 http://deb.debian.org/debian trixie-updates/main riscv64 Packages [4416 B]
#21 3.169 Get:7 http://deb.debian.org/debian trixie-updates/main amd64 Packages [4412 B]
#21 3.169 Get:8 http://deb.debian.org/debian-security trixie-security/main amd64 Packages [262 kB]
#21 3.184 Get:9 http://deb.debian.org/debian-security trixie-security/main riscv64 Packages [252 kB]
#21 5.506 Fetched 19.8 MB in 5s (4107 kB/s)
#21 5.506 Reading package lists...
#21 12.90 Get:1 http://deb.debian.org/debian trixie/main riscv64 bash riscv64 5.2.37-2+b10 [1506 kB]
#21 13.10 Fetched 1506 kB in 0s (6348 kB/s)
#21 DONE 13.4s

#22 [stage-1  8/17] COPY check-initrd-libs.sh /build/
#22 DONE 0.2s

#23 [stage-1  9/17] RUN sh /build/check-initrd-libs.sh /build/initrd
#23 0.608 initrd library check: 3 sonames, all resolved
#23 DONE 0.7s

#24 [stage-1 10/17] WORKDIR /build
#24 DONE 0.2s

#25 [stage-1 11/17] RUN mkdir -p /tmp/domu-initrd/bin /tmp/domu-initrd/sbin              /tmp/domu-initrd/proc /tmp/domu-initrd/sys              /tmp/domu-initrd/dev /tmp/domu-initrd/etc/init.d &&     cp -a /build/initrd/bin/busybox /tmp/domu-initrd/bin/ &&     /tmp/domu-initrd/bin/busybox --install -s /tmp/domu-initrd/bin/ &&     printf '%s\n'         '#!/bin/sh'         'mount -t proc proc /proc'         'mount -t sysfs sysfs /sys'         'echo "domU booted!"'         'exec /bin/sh'     > /tmp/domu-initrd/etc/init.d/rcS &&     chmod +x /tmp/domu-initrd/etc/init.d/rcS &&     mkdir -p /build/domu-initrd &&     genext2fs -b 4096 -N 512 -U -d /tmp/domu-initrd/ /build/domu-initrd/domu-initrd.img &&     rm -rf /tmp/domu-initrd
#25 0.663 copying from directory /tmp/domu-initrd/
#25 DONE 0.8s

#26 [stage-1 12/17] RUN touch /bin/Image.gz
#26 DONE 0.7s

#27 [stage-1 13/17] COPY --from=registry.gitlab.com/xen-project/people/olkur/xen/tests-artifacts/qemu-system-riscv64:8.2.0-aia-riscv64     /qemu-system-riscv64 /opensbi-riscv64-generic-fw_dynamic.bin /bin/
#27 DONE 0.4s

#28 [stage-1 14/17] COPY config_tools.status config_xen.status xl.conf domu.cfg /build/configs/
#28 DONE 0.3s

#29 [stage-1 15/17] COPY Makefile .
#29 DONE 0.2s

#30 [stage-1 16/17] COPY generate_dtb.sh /build/dtb/
#30 DONE 0.2s

#31 [stage-1 17/17] RUN chmod -R 755 /bin && chown -R user:user /build
#31 DONE 5.9s

#32 exporting to image
#32 exporting layers
#32 exporting layers 2.9s done
#32 exporting manifest sha256:f99e61eb9f9d45016229310df0fca3bbaf170de77af37d34452ac4af5dfad3ab 0.1s done
#32 exporting config sha256:3ea7b6934fa3aa517722f41d4e5b5656361a0b764476b78041ac73f1616c7256 0.1s done
#32 exporting attestation manifest sha256:2b6c111a12ad29681378471e46f4de71c916fcb56a13fa089e17a2e8da2663de 0.1s done
#32 exporting manifest list sha256:89ce10042112516b1a7c8c385f716bc3dda7fef7020e2c9229ac822f2e1a5307
#32 exporting manifest list sha256:89ce10042112516b1a7c8c385f716bc3dda7fef7020e2c9229ac822f2e1a5307 0.1s done
#32 naming to docker.io/local/trixie-riscv64:latest done
#32 unpacking to docker.io/local/trixie-riscv64:latest
#32 unpacking to docker.io/local/trixie-riscv64:latest 1.2s done
#32 DONE 4.5s

 [33m2 warnings found (use docker --debug to expand):
[0m - FromPlatformFlagConstDisallowed: FROM --platform flag should not use constant value "linux/amd64" (line 31)
 - FromPlatformFlagConstDisallowed: FROM --platform flag should not use constant value "linux/amd64" (line 2)
